---
source: src/main/tests/smoke.rs
description: Smoke Test
expression: result
---
Ok(
    (),
)
